<?xml version="1.0" encoding="UTF-8"?>
<config xmlns="http://www.knime.org/2008/09/XMLConfig" xmlns:xsi="http://www.w3.org/2001/XMLSchema-instance" xsi:schemaLocation="http://www.knime.org/2008/09/XMLConfig http://www.knime.org/XMLConfig_2008_09.xsd" key="test">
    <entry key="performTagValiation" type="xboolean" value="false"/>
    <entry key="ControlTableStyle" type="xstring" value="standard tags"/>
    <entry key="Tag" type="xstring" value="header"/>
    <entry key="RowColumnSize" type="xstring" value="column width"/>
    <entry key="AutoSize" type="xboolean" value="false"/>
    <entry key="Size" type="xdouble" value="14.0"/>
</config>
